// Jest Snapshot v1, https://goo.gl/fbAQLP

exports[`Test rendering and user interaction renders correctly 1`] = `
Object {
  "asFragment": [Function],
  "baseElement": <body>
    <div>
      <section
        class="calculator"
      >
        <h2>
          Let's Do Some Math!
        </h2>
        <div
          class="calculatorContainer"
        >
          <span
            class="display"
          >
            0
          </span>
          <button
            class="clear"
          >
            AC
          </button>
          <button
            class="plus-minus"
          >
            +/-
          </button>
          <button
            class="percent"
          >
            %
          </button>
          <button
            class="operator divide"
          >
            รท
          </button>
          <button
            class="number"
          >
            7
          </button>
          <button
            class="number"
          >
            8
          </button>
          <button
            class="number"
          >
            9
          </button>
          <button
            class="operator multiply"
          >
            x
          </button>
          <button
            class="number"
          >
            4
          </button>
          <button
            class="number"
          >
            5
          </button>
          <button
            class="number"
          >
            6
          </button>
          <button
            class="operator minus"
          >
            -
          </button>
          <button
            class="number"
          >
            1
          </button>
          <button
            class="number"
          >
            2
          </button>
          <button
            class="number"
          >
            3
          </button>
          <button
            class="operator plus"
          >
            +
          </button>
          <button
            class="number zero"
          >
            0
          </button>
          <button
            class="decimal"
          >
            .
          </button>
          <button
            class="operator equal"
          >
            =
          </button>
        </div>
      </section>
    </div>
  </body>,
  "container": <div>
    <section
      class="calculator"
    >
      <h2>
        Let's Do Some Math!
      </h2>
      <div
        class="calculatorContainer"
      >
        <span
          class="display"
        >
          0
        </span>
        <button
          class="clear"
        >
          AC
        </button>
        <button
          class="plus-minus"
        >
          +/-
        </button>
        <button
          class="percent"
        >
          %
        </button>
        <button
          class="operator divide"
        >
          รท
        </button>
        <button
          class="number"
        >
          7
        </button>
        <button
          class="number"
        >
          8
        </button>
        <button
          class="number"
        >
          9
        </button>
        <button
          class="operator multiply"
        >
          x
        </button>
        <button
          class="number"
        >
          4
        </button>
        <button
          class="number"
        >
          5
        </button>
        <button
          class="number"
        >
          6
        </button>
        <button
          class="operator minus"
        >
          -
        </button>
        <button
          class="number"
        >
          1
        </button>
        <button
          class="number"
        >
          2
        </button>
        <button
          class="number"
        >
          3
        </button>
        <button
          class="operator plus"
        >
          +
        </button>
        <button
          class="number zero"
        >
          0
        </button>
        <button
          class="decimal"
        >
          .
        </button>
        <button
          class="operator equal"
        >
          =
        </button>
      </div>
    </section>
  </div>,
  "debug": [Function],
  "findAllByAltText": [Function],
  "findAllByDisplayValue": [Function],
  "findAllByLabelText": [Function],
  "findAllByPlaceholderText": [Function],
  "findAllByRole": [Function],
  "findAllByTestId": [Function],
  "findAllByText": [Function],
  "findAllByTitle": [Function],
  "findByAltText": [Function],
  "findByDisplayValue": [Function],
  "findByLabelText": [Function],
  "findByPlaceholderText": [Function],
  "findByRole": [Function],
  "findByTestId": [Function],
  "findByText": [Function],
  "findByTitle": [Function],
  "getAllByAltText": [Function],
  "getAllByDisplayValue": [Function],
  "getAllByLabelText": [Function],
  "getAllByPlaceholderText": [Function],
  "getAllByRole": [Function],
  "getAllByTestId": [Function],
  "getAllByText": [Function],
  "getAllByTitle": [Function],
  "getByAltText": [Function],
  "getByDisplayValue": [Function],
  "getByLabelText": [Function],
  "getByPlaceholderText": [Function],
  "getByRole": [Function],
  "getByTestId": [Function],
  "getByText": [Function],
  "getByTitle": [Function],
  "queryAllByAltText": [Function],
  "queryAllByDisplayValue": [Function],
  "queryAllByLabelText": [Function],
  "queryAllByPlaceholderText": [Function],
  "queryAllByRole": [Function],
  "queryAllByTestId": [Function],
  "queryAllByText": [Function],
  "queryAllByTitle": [Function],
  "queryByAltText": [Function],
  "queryByDisplayValue": [Function],
  "queryByLabelText": [Function],
  "queryByPlaceholderText": [Function],
  "queryByRole": [Function],
  "queryByTestId": [Function],
  "queryByText": [Function],
  "queryByTitle": [Function],
  "rerender": [Function],
  "unmount": [Function],
}
`;

exports[`test for creating renders correctly 1`] = `
Object {
  "asFragment": [Function],
  "baseElement": <body>
    <div>
      <section
        class="calculator"
      >
        <h2>
          Let's Do Some Math!
        </h2>
        <div
          class="calculatorContainer"
        >
          <span
            class="display"
          >
            0
          </span>
          <button
            class="clear"
          >
            AC
          </button>
          <button
            class="plus-minus"
          >
            +/-
          </button>
          <button
            class="percent"
          >
            %
          </button>
          <button
            class="operator divide"
          >
            รท
          </button>
          <button
            class="number"
          >
            7
          </button>
          <button
            class="number"
          >
            8
          </button>
          <button
            class="number"
          >
            9
          </button>
          <button
            class="operator multiply"
          >
            x
          </button>
          <button
            class="number"
          >
            4
          </button>
          <button
            class="number"
          >
            5
          </button>
          <button
            class="number"
          >
            6
          </button>
          <button
            class="operator minus"
          >
            -
          </button>
          <button
            class="number"
          >
            1
          </button>
          <button
            class="number"
          >
            2
          </button>
          <button
            class="number"
          >
            3
          </button>
          <button
            class="operator plus"
          >
            +
          </button>
          <button
            class="number zero"
          >
            0
          </button>
          <button
            class="decimal"
          >
            .
          </button>
          <button
            class="operator equal"
          >
            =
          </button>
        </div>
      </section>
    </div>
  </body>,
  "container": <div>
    <section
      class="calculator"
    >
      <h2>
        Let's Do Some Math!
      </h2>
      <div
        class="calculatorContainer"
      >
        <span
          class="display"
        >
          0
        </span>
        <button
          class="clear"
        >
          AC
        </button>
        <button
          class="plus-minus"
        >
          +/-
        </button>
        <button
          class="percent"
        >
          %
        </button>
        <button
          class="operator divide"
        >
          รท
        </button>
        <button
          class="number"
        >
          7
        </button>
        <button
          class="number"
        >
          8
        </button>
        <button
          class="number"
        >
          9
        </button>
        <button
          class="operator multiply"
        >
          x
        </button>
        <button
          class="number"
        >
          4
        </button>
        <button
          class="number"
        >
          5
        </button>
        <button
          class="number"
        >
          6
        </button>
        <button
          class="operator minus"
        >
          -
        </button>
        <button
          class="number"
        >
          1
        </button>
        <button
          class="number"
        >
          2
        </button>
        <button
          class="number"
        >
          3
        </button>
        <button
          class="operator plus"
        >
          +
        </button>
        <button
          class="number zero"
        >
          0
        </button>
        <button
          class="decimal"
        >
          .
        </button>
        <button
          class="operator equal"
        >
          =
        </button>
      </div>
    </section>
  </div>,
  "debug": [Function],
  "findAllByAltText": [Function],
  "findAllByDisplayValue": [Function],
  "findAllByLabelText": [Function],
  "findAllByPlaceholderText": [Function],
  "findAllByRole": [Function],
  "findAllByTestId": [Function],
  "findAllByText": [Function],
  "findAllByTitle": [Function],
  "findByAltText": [Function],
  "findByDisplayValue": [Function],
  "findByLabelText": [Function],
  "findByPlaceholderText": [Function],
  "findByRole": [Function],
  "findByTestId": [Function],
  "findByText": [Function],
  "findByTitle": [Function],
  "getAllByAltText": [Function],
  "getAllByDisplayValue": [Function],
  "getAllByLabelText": [Function],
  "getAllByPlaceholderText": [Function],
  "getAllByRole": [Function],
  "getAllByTestId": [Function],
  "getAllByText": [Function],
  "getAllByTitle": [Function],
  "getByAltText": [Function],
  "getByDisplayValue": [Function],
  "getByLabelText": [Function],
  "getByPlaceholderText": [Function],
  "getByRole": [Function],
  "getByTestId": [Function],
  "getByText": [Function],
  "getByTitle": [Function],
  "queryAllByAltText": [Function],
  "queryAllByDisplayValue": [Function],
  "queryAllByLabelText": [Function],
  "queryAllByPlaceholderText": [Function],
  "queryAllByRole": [Function],
  "queryAllByTestId": [Function],
  "queryAllByText": [Function],
  "queryAllByTitle": [Function],
  "queryByAltText": [Function],
  "queryByDisplayValue": [Function],
  "queryByLabelText": [Function],
  "queryByPlaceholderText": [Function],
  "queryByRole": [Function],
  "queryByTestId": [Function],
  "queryByText": [Function],
  "queryByTitle": [Function],
  "rerender": [Function],
  "unmount": [Function],
}
`;
