// Jest Snapshot v1, https://goo.gl/fbAQLP

exports[`renders correctly 1`] = `
Object {
  "asFragment": [Function],
  "baseElement": <body>
    <div>
      <div
        class="home"
      >
        <h2>
          Welcome to Math Magicians
        </h2>
        <p>
          Lorem ipsum dolor, sit amet consectetur adipisicing elit. Consequatur fuga laboriosam quasi minus obcaecati quod unde iusto repellat, expedita delectus alias dolore inventore aperiam exercitationem quas eveniet magni necessitatibus. Fugiat, doloribus, quisquam atque autem incidunt placeat repellat excepturi quibusdam corrupti praesentium repudiandae recusandae aperiam totam quis libero alias, modi vitae!
        </p>
        <p>
          Lorem ipsum dolor, sit amet consectetur adipisicing elit. Consequatur fuga laboriosam quasi minus obcaecati quod unde iusto repellat, expedita delectus alias dolore inventore aperiam exercitationem quas eveniet magni necessitatibus. Fugiat, doloribus, quisquam atque autem incidunt placeat repellat excepturi quibusdam corrupti praesentium repudiandae recusandae aperiam totam quis libero alias, modi vitae!
        </p>
      </div>
    </div>
  </body>,
  "container": <div>
    <div
      class="home"
    >
      <h2>
        Welcome to Math Magicians
      </h2>
      <p>
        Lorem ipsum dolor, sit amet consectetur adipisicing elit. Consequatur fuga laboriosam quasi minus obcaecati quod unde iusto repellat, expedita delectus alias dolore inventore aperiam exercitationem quas eveniet magni necessitatibus. Fugiat, doloribus, quisquam atque autem incidunt placeat repellat excepturi quibusdam corrupti praesentium repudiandae recusandae aperiam totam quis libero alias, modi vitae!
      </p>
      <p>
        Lorem ipsum dolor, sit amet consectetur adipisicing elit. Consequatur fuga laboriosam quasi minus obcaecati quod unde iusto repellat, expedita delectus alias dolore inventore aperiam exercitationem quas eveniet magni necessitatibus. Fugiat, doloribus, quisquam atque autem incidunt placeat repellat excepturi quibusdam corrupti praesentium repudiandae recusandae aperiam totam quis libero alias, modi vitae!
      </p>
    </div>
  </div>,
  "debug": [Function],
  "findAllByAltText": [Function],
  "findAllByDisplayValue": [Function],
  "findAllByLabelText": [Function],
  "findAllByPlaceholderText": [Function],
  "findAllByRole": [Function],
  "findAllByTestId": [Function],
  "findAllByText": [Function],
  "findAllByTitle": [Function],
  "findByAltText": [Function],
  "findByDisplayValue": [Function],
  "findByLabelText": [Function],
  "findByPlaceholderText": [Function],
  "findByRole": [Function],
  "findByTestId": [Function],
  "findByText": [Function],
  "findByTitle": [Function],
  "getAllByAltText": [Function],
  "getAllByDisplayValue": [Function],
  "getAllByLabelText": [Function],
  "getAllByPlaceholderText": [Function],
  "getAllByRole": [Function],
  "getAllByTestId": [Function],
  "getAllByText": [Function],
  "getAllByTitle": [Function],
  "getByAltText": [Function],
  "getByDisplayValue": [Function],
  "getByLabelText": [Function],
  "getByPlaceholderText": [Function],
  "getByRole": [Function],
  "getByTestId": [Function],
  "getByText": [Function],
  "getByTitle": [Function],
  "queryAllByAltText": [Function],
  "queryAllByDisplayValue": [Function],
  "queryAllByLabelText": [Function],
  "queryAllByPlaceholderText": [Function],
  "queryAllByRole": [Function],
  "queryAllByTestId": [Function],
  "queryAllByText": [Function],
  "queryAllByTitle": [Function],
  "queryByAltText": [Function],
  "queryByDisplayValue": [Function],
  "queryByLabelText": [Function],
  "queryByPlaceholderText": [Function],
  "queryByRole": [Function],
  "queryByTestId": [Function],
  "queryByText": [Function],
  "queryByTitle": [Function],
  "rerender": [Function],
  "unmount": [Function],
}
`;

exports[`test for creating the home section created home page 1`] = `
Object {
  "asFragment": [Function],
  "baseElement": <body>
    <div>
      <div
        class="home"
      >
        <h2>
          Welcome to Math Magicians
        </h2>
        <p>
          Lorem ipsum dolor, sit amet consectetur adipisicing elit. Consequatur fuga laboriosam quasi minus obcaecati quod unde iusto repellat, expedita delectus alias dolore inventore aperiam exercitationem quas eveniet magni necessitatibus. Fugiat, doloribus, quisquam atque autem incidunt placeat repellat excepturi quibusdam corrupti praesentium repudiandae recusandae aperiam totam quis libero alias, modi vitae!
        </p>
        <p>
          Lorem ipsum dolor, sit amet consectetur adipisicing elit. Consequatur fuga laboriosam quasi minus obcaecati quod unde iusto repellat, expedita delectus alias dolore inventore aperiam exercitationem quas eveniet magni necessitatibus. Fugiat, doloribus, quisquam atque autem incidunt placeat repellat excepturi quibusdam corrupti praesentium repudiandae recusandae aperiam totam quis libero alias, modi vitae!
        </p>
      </div>
    </div>
  </body>,
  "container": <div>
    <div
      class="home"
    >
      <h2>
        Welcome to Math Magicians
      </h2>
      <p>
        Lorem ipsum dolor, sit amet consectetur adipisicing elit. Consequatur fuga laboriosam quasi minus obcaecati quod unde iusto repellat, expedita delectus alias dolore inventore aperiam exercitationem quas eveniet magni necessitatibus. Fugiat, doloribus, quisquam atque autem incidunt placeat repellat excepturi quibusdam corrupti praesentium repudiandae recusandae aperiam totam quis libero alias, modi vitae!
      </p>
      <p>
        Lorem ipsum dolor, sit amet consectetur adipisicing elit. Consequatur fuga laboriosam quasi minus obcaecati quod unde iusto repellat, expedita delectus alias dolore inventore aperiam exercitationem quas eveniet magni necessitatibus. Fugiat, doloribus, quisquam atque autem incidunt placeat repellat excepturi quibusdam corrupti praesentium repudiandae recusandae aperiam totam quis libero alias, modi vitae!
      </p>
    </div>
  </div>,
  "debug": [Function],
  "findAllByAltText": [Function],
  "findAllByDisplayValue": [Function],
  "findAllByLabelText": [Function],
  "findAllByPlaceholderText": [Function],
  "findAllByRole": [Function],
  "findAllByTestId": [Function],
  "findAllByText": [Function],
  "findAllByTitle": [Function],
  "findByAltText": [Function],
  "findByDisplayValue": [Function],
  "findByLabelText": [Function],
  "findByPlaceholderText": [Function],
  "findByRole": [Function],
  "findByTestId": [Function],
  "findByText": [Function],
  "findByTitle": [Function],
  "getAllByAltText": [Function],
  "getAllByDisplayValue": [Function],
  "getAllByLabelText": [Function],
  "getAllByPlaceholderText": [Function],
  "getAllByRole": [Function],
  "getAllByTestId": [Function],
  "getAllByText": [Function],
  "getAllByTitle": [Function],
  "getByAltText": [Function],
  "getByDisplayValue": [Function],
  "getByLabelText": [Function],
  "getByPlaceholderText": [Function],
  "getByRole": [Function],
  "getByTestId": [Function],
  "getByText": [Function],
  "getByTitle": [Function],
  "queryAllByAltText": [Function],
  "queryAllByDisplayValue": [Function],
  "queryAllByLabelText": [Function],
  "queryAllByPlaceholderText": [Function],
  "queryAllByRole": [Function],
  "queryAllByTestId": [Function],
  "queryAllByText": [Function],
  "queryAllByTitle": [Function],
  "queryByAltText": [Function],
  "queryByDisplayValue": [Function],
  "queryByLabelText": [Function],
  "queryByPlaceholderText": [Function],
  "queryByRole": [Function],
  "queryByTestId": [Function],
  "queryByText": [Function],
  "queryByTitle": [Function],
  "rerender": [Function],
  "unmount": [Function],
}
`;
